============================================================
  Generated by:           Genus(TM) Synthesis Solution 23.10-p004_1
  Generated on:           May 30 2026  08:50:26 pm
  Module:                 sys_top
  Operating conditions:   PVT_0P7V_25C (balanced_tree)
  Wireload mode:          enclosed
  Area mode:              timing library
============================================================

Timing
--------

Clock Period 
-------------
clk   1650.0 


  Cost    Critical         Violating 
 Group   Path Slack  TNS     Paths   
-------------------------------------
clk             0.0   0.0          0 
default    No paths   0.0            
-------------------------------------
Total                 0.0          0 

Instance Count
--------------
Leaf Instance Count             4977311 
Physical Instance count               0 
Sequential Instance Count        686256 
Combinational Instance Count    4291055 
Hierarchical Instance Count        5002 

Area
----
Cell Area                          533440.909
Physical Cell Area                 0.000
Total Cell Area (Cell+Physical)    533440.909
Net Area                           0.000
Total Area (Cell+Physical+Net)     533440.909

Max Fanout                         686256 (clk)
Min Fanout                         0 (mode)
Average Fanout                     2.6
Terms to net ratio                 3.5955
Terms to instance ratio            3.6177
Runtime                            41001.64610400007 seconds
Elapsed Runtime                    37125 seconds
Genus peak memory usage            28623.27 
Innovus peak memory usage          no_value 
Hostname                           mo.ece.pdx.edu
