============================================================
  Generated by:           Genus(TM) Synthesis Solution 23.10-p004_1
  Generated on:           May 15 2026  12:14:05 am
  Module:                 sys_top
  Operating conditions:   PVT_0P7V_25C (balanced_tree)
  Wireload mode:          enclosed
  Area mode:              timing library
============================================================

Timing
--------

Clock Period 
-------------
clk   1650.0 


  Cost    Critical           Violating 
 Group   Path Slack   TNS      Paths   
---------------------------------------
clk            -0.9   -85.3        154 
default    No paths     0.0            
---------------------------------------
Total                 -85.3        154 

Instance Count
--------------
Leaf Instance Count             3766604 
Physical Instance count               0 
Sequential Instance Count        401417 
Combinational Instance Count    3365187 
Hierarchical Instance Count        5003 

Area
----
Cell Area                          385240.837
Physical Cell Area                 0.000
Total Cell Area (Cell+Physical)    385240.837
Net Area                           0.000
Total Area (Cell+Physical+Net)     385240.837

Max Fanout                         401417 (clk)
Min Fanout                         0 (rb_sram_addr[8])
Average Fanout                     2.6
Terms to net ratio                 3.6178
Terms to instance ratio            3.6322
Runtime                            31249.01216199984 seconds
Elapsed Runtime                    28045 seconds
Genus peak memory usage            21891.13 
Innovus peak memory usage          no_value 
Hostname                           mo.ece.pdx.edu
