============================================================
  Generated by:           Genus(TM) Synthesis Solution 23.10-p004_1
  Generated on:           May 04 2026  08:58:55 pm
  Module:                 sys_top
  Operating conditions:   PVT_0P7V_25C (balanced_tree)
  Wireload mode:          enclosed
  Area mode:              timing library
============================================================

Timing
--------

Clock Period 
-------------
clk   1650.0 


  Cost    Critical               Violating 
 Group   Path Slack     TNS        Paths   
-------------------------------------------
clk           -23.7   -286703.2      15496 
default    No paths         0.0            
-------------------------------------------
Total                 -286703.2      15496 

Instance Count
--------------
Leaf Instance Count             1255316 
Physical Instance count               0 
Sequential Instance Count         68627 
Combinational Instance Count    1186689 
Hierarchical Instance Count        2059 

Area
----
Cell Area                          115153.831
Physical Cell Area                 0.000
Total Cell Area (Cell+Physical)    115153.831
Net Area                           0.000
Total Area (Cell+Physical+Net)     115153.831

Max Fanout                         68627 (clk)
Min Fanout                         0 (u_array/g_row[5].g_col[15].u_pe/n_0)
Average Fanout                     2.4
Terms to net ratio                 3.4581
Terms to instance ratio            3.4643
Runtime                            23003.19788400004 seconds
Elapsed Runtime                    19678 seconds
Genus peak memory usage            7858.64 
Innovus peak memory usage          no_value 
Hostname                           auto.ece.pdx.edu
