Using Power View: av_setup.
AAE_INFO: opIsDesignInPostRouteState() is 1
AAE_INFO: deleting AAE DB due to opIsDesignInPostRouteState() is changed ...
AAE DB initialization (MEM=5015 CPU=0:00:01.0 REAL=0:00:01.0) 
#################################################################################
# Design Stage: PostRoute
# Design Name: vec_mac_top
# Design Mode: 90nm
# Analysis Mode: MMMC Non-OCV 
# Parasitics Mode: No SPEF/RCDB 
# Signoff Settings: SI Off 
#################################################################################
Extraction called for design 'vec_mac_top' of instances=775391 and nets=790044 using extraction engine 'preRoute' .
**WARN: (IMPEXT-3530):	The process node is not set. Use the command setDesignMode -process <process node> prior to extraction for maximum accuracy and optimal automatic threshold setting.
Type 'man IMPEXT-3530' for more detail.
PreRoute RC Extraction called for design vec_mac_top.
RC Extraction called in multi-corner(2) mode.
**WARN: (IMPEXT-6197):	The Cap table file is not specified. This will result in lower parasitic accuracy when using preRoute extraction or postRoute extraction with effort level 'low'. It is recommended to generate the Cap table file using the 'generateCapTbl' command and specify it before extraction using 'create_rc_corner/update_rc_corner -cap_table'.
Type 'man IMPEXT-6197' for more detail.
RCMode: PreRoute
      RC Corner Indexes            0       1   
Capacitance Scaling Factor   : 1.10000 0.90000 
Resistance Scaling Factor    : 1.20000 0.90000 
Clock Cap. Scaling Factor    : 1.10000 0.90000 
Clock Res. Scaling Factor    : 1.20000 0.90000 
Shrink Factor                : 1.00000
PreRoute extraction is honoring NDR/Shielding/ExtraSpace for clock nets.
Updating RC grid for preRoute extraction ...
Initializing multi-corner resistance tables ...
PreRoute RC Extraction DONE (CPU Time: 0:00:15.2  Real Time: 0:00:16.0  MEM: 5014.996M)
Calculate delays in BcWc mode...
Start delay calculation (fullDC) (1 T). (MEM=5046.44)
**WARN: (IMPESI-3014):	The RC network is incomplete for net s_axis_tdata[413]. As a result, a lumped model will be used during delay calculation which may compromise timing accuracy. To resolve this, check parasitics for completeness, re-extraction may be required.
**WARN: (IMPESI-3014):	The RC network is incomplete for net s_axis_tdata[396]. As a result, a lumped model will be used during delay calculation which may compromise timing accuracy. To resolve this, check parasitics for completeness, re-extraction may be required.
**WARN: (IMPESI-3014):	The RC network is incomplete for net s_axis_tdata[295]. As a result, a lumped model will be used during delay calculation which may compromise timing accuracy. To resolve this, check parasitics for completeness, re-extraction may be required.
**WARN: (IMPESI-3014):	The RC network is incomplete for net s_axis_tdata[272]. As a result, a lumped model will be used during delay calculation which may compromise timing accuracy. To resolve this, check parasitics for completeness, re-extraction may be required.
**WARN: (IMPESI-3014):	The RC network is incomplete for net s_axis_tdata[130]. As a result, a lumped model will be used during delay calculation which may compromise timing accuracy. To resolve this, check parasitics for completeness, re-extraction may be required.
**WARN: (IMPESI-3014):	The RC network is incomplete for net s_axis_tdata[64]. As a result, a lumped model will be used during delay calculation which may compromise timing accuracy. To resolve this, check parasitics for completeness, re-extraction may be required.
Total number of fetched objects 776475
AAE_INFO: Total number of nets for which stage creation was skipped for all views 0
End delay calculation. (MEM=6007.11 CPU=0:00:44.5 REAL=0:00:45.0)
End delay calculation (fullDC). (MEM=5970.49 CPU=0:46:02 REAL=0:45:57)

Begin Power Analysis


Begin Processing Timing Library for Power Calculation

Begin Processing Timing Library for Power Calculation



Begin Processing Power Net/Grid for Power Calculation

Ended Processing Power Net/Grid for Power Calculation: (cpu=0:00:00, real=0:00:00, mem(process/total/peak)=5445.52MB/7328.96MB/6748.26MB)

Begin Processing Timing Window Data for Power Calculation

clk(588.235MHz) CK: assigning clock clk to net clk
Ended Processing Timing Window Data for Power Calculation: (cpu=0:00:03, real=0:00:03, mem(process/total/peak)=5520.27MB/7328.96MB/6748.26MB)

Begin Processing User Attributes

Ended Processing User Attributes: (cpu=0:00:00, real=0:00:00, mem(process/total/peak)=5555.95MB/7328.96MB/6748.26MB)

Begin Processing Signal Activity


Starting Levelizing
2026-Apr-26 18:56:47 (2026-Apr-27 01:56:47 GMT)
2026-Apr-26 18:56:48 (2026-Apr-27 01:56:48 GMT): 10%
2026-Apr-26 18:56:48 (2026-Apr-27 01:56:48 GMT): 20%
2026-Apr-26 18:56:48 (2026-Apr-27 01:56:48 GMT): 30%
2026-Apr-26 18:56:48 (2026-Apr-27 01:56:48 GMT): 40%
2026-Apr-26 18:56:49 (2026-Apr-27 01:56:49 GMT): 50%
2026-Apr-26 18:56:49 (2026-Apr-27 01:56:49 GMT): 60%
2026-Apr-26 18:56:49 (2026-Apr-27 01:56:49 GMT): 70%
2026-Apr-26 18:56:50 (2026-Apr-27 01:56:50 GMT): 80%
2026-Apr-26 18:56:50 (2026-Apr-27 01:56:50 GMT): 90%

Finished Levelizing
2026-Apr-26 18:56:52 (2026-Apr-27 01:56:52 GMT)

Starting Activity Propagation
2026-Apr-26 18:56:52 (2026-Apr-27 01:56:52 GMT)
** INFO:  (VOLTUS_POWR-1356): No default input activity has been set. Defaulting to 0.2.
Use 'set_default_switching_activity -input_activity' command to change the default activity value.

2026-Apr-26 18:56:57 (2026-Apr-27 01:56:57 GMT): 10%
2026-Apr-26 18:56:59 (2026-Apr-27 01:56:59 GMT): 20%

Finished Activity Propagation
2026-Apr-26 18:57:00 (2026-Apr-27 01:57:00 GMT)
Ended Processing Signal Activity: (cpu=0:00:15, real=0:00:15, mem(process/total/peak)=5636.34MB/7328.96MB/6748.26MB)

Begin Power Computation

      ----------------------------------------------------------
      # of cell(s) missing both power/leakage table: 0
      # of cell(s) missing power table: 0
      # of cell(s) missing leakage table: 0
      ----------------------------------------------------------



Starting Calculating power
2026-Apr-26 18:57:01 (2026-Apr-27 01:57:01 GMT)
 ... Calculating switching power
  Cannot locate supply power rail for net 'done' of instance u_ctrl/g126552
  Cannot locate supply power rail for net 'rb_busy' of instance
u_rb/g187197
  Cannot locate supply power rail for net 'm_axis_tdata[511]' of instance
u_rb/g183385
  Cannot locate supply power rail for net 'm_axis_tdata[510]' of instance
u_rb/g183258
  Cannot locate supply power rail for net 'm_axis_tdata[509]' of instance
u_rb/g183259
  only first five unconnected nets are listed...
2026-Apr-26 18:57:02 (2026-Apr-27 01:57:02 GMT): 10%
2026-Apr-26 18:57:03 (2026-Apr-27 01:57:03 GMT): 20%
2026-Apr-26 18:57:04 (2026-Apr-27 01:57:04 GMT): 30%
2026-Apr-26 18:57:04 (2026-Apr-27 01:57:04 GMT): 40%
2026-Apr-26 18:57:05 (2026-Apr-27 01:57:05 GMT): 50%
 ... Calculating internal and leakage power
** WARN:  (VOLTUS_POWR-2047): The following cell(s) power_level (rail net name) cannot be mapped. Check if the connections of the power/ground pin to the external rails have been specified. The power will be distributed to the default rail.

POWER LEVEL         CELL                              INSTANCE
VDD                 NAND2x1p5_ASAP7_75t_R             u_wt_sram_0/g97779__6783
VDD                 OR2x6_ASAP7_75t_R                 u_wt_sram_0/g97778__3680
VDD                 NAND3xp33_ASAP7_75t_R             u_wt_sram_0/g275137__1705
VDD                 NAND2x1_ASAP7_75t_R               u_wt_sram_0/g275138__5122
VDD                 OR2x2_ASAP7_75t_R                 u_wt_sram_0/g2095__6260
VDD                 AND2x2_ASAP7_75t_R                u_wt_sram_0/g132993__9315
VDD                 NAND2xp5_ASAP7_75t_R              u_wt_sram_0/g282597__2346
VDD                 NAND4xp25_ASAP7_75t_R             u_wt_sram_0/g294417__7410
VDD                 NAND2xp33_ASAP7_75t_R             u_wt_sram_0/g289438
VDD                 NOR2xp67_ASAP7_75t_R              u_wt_sram_0/g386615
2026-Apr-26 18:57:06 (2026-Apr-27 01:57:06 GMT): 60%
2026-Apr-26 18:57:07 (2026-Apr-27 01:57:07 GMT): 70%
2026-Apr-26 18:57:08 (2026-Apr-27 01:57:08 GMT): 80%
2026-Apr-26 18:57:11 (2026-Apr-27 01:57:11 GMT): 90%

Finished Calculating power
2026-Apr-26 18:57:13 (2026-Apr-27 01:57:13 GMT)
      # of MSMV cell(s) missing power_level: 0
Ended Power Computation: (cpu=0:00:12, real=0:00:12, mem(process/total/peak)=5637.57MB/7336.96MB/6748.26MB)

Begin Processing User Attributes

Ended Processing User Attributes: (cpu=0:00:00, real=0:00:00, mem(process/total/peak)=5637.58MB/7336.96MB/6748.26MB)

Ended Power Analysis: (cpu=0:00:32, real=0:00:32, mem(process/total/peak)=5637.63MB/7336.96MB/6748.26MB)

Begin Boundary Leakage Calculation
Ended Boundary Leakage Calculation: (cpu=0:00:00, real=0:00:00,
mem(process/total/peak)=5637.64MB/7336.96MB/6748.26MB)
Begin Static Power Report Generation
*----------------------------------------------------------------------------------------
*	Innovus 21.14-s109_1 (64bit) 06/29/2022 09:53 (Linux 3.10.0-693.el7.x86_64)
*	
*
* 	Date & Time:	2026-Apr-26 18:57:13 (2026-Apr-27 01:57:13 GMT)
*
*----------------------------------------------------------------------------------------
*
*	Design: vec_mac_top
*
*	Liberty Libraries used:
*	        av_setup: /home/iwyse/common/Documents/ECE510/project/510Project/project/cadence/vec_mac_top_BF16/outputs/vec_mac_top_placed.enc.dat/libs/mmmc/asap7sc7p5t_SIMPLE_RVT_SS_nldm_211120.lib
*
*	Parasitic Files used:
*
*       Power View : av_setup
*
*       User-Defined Activity : N.A.
*
*       Activity File: N.A.
*
*       Hierarchical Global Activity: N.A.
*
*       Global Activity: N.A.
*
*       Sequential Element Activity: N.A.
*
*       Primary Input Activity: 0.200000
*
*       Default icg ratio: N.A.
*
*       Global Comb ClockGate Ratio: N.A.
*
*	Power Units = 1mW
*
*	Time Units = 1e-12 secs
*
*       report_power
*
-----------------------------------------------------------------------------------------
  316418 instances have no static power
** WARN:  (VOLTUS_POWR-2152): Instance u_wt_sram_0/mem_reg[27][0] (DFFHQNx1_ASAP7_75t_R) has no static power. This might be because either the duty cycle and activity of all the connected nets
is 0 or the instance is connected to power off rails. If this is not the expected behaviour and static power is required, ensure that the instance is connected
to power on rails and that the duty cycle and activity of at least one net is not 0.

** WARN:  (VOLTUS_POWR-2152): Instance u_wt_sram_0/mem_reg[27][47] (DFFHQNx1_ASAP7_75t_R) has no static power. This might be because either the duty cycle and activity of all the connected nets
is 0 or the instance is connected to power off rails. If this is not the expected behaviour and static power is required, ensure that the instance is connected
to power on rails and that the duty cycle and activity of at least one net is not 0.

** WARN:  (VOLTUS_POWR-2152): Instance u_wt_sram_0/mem_reg[27][53] (DFFHQNx1_ASAP7_75t_R) has no static power. This might be because either the duty cycle and activity of all the connected nets
is 0 or the instance is connected to power off rails. If this is not the expected behaviour and static power is required, ensure that the instance is connected
to power on rails and that the duty cycle and activity of at least one net is not 0.

** WARN:  (VOLTUS_POWR-2152): Instance u_wt_sram_0/mem_reg[27][73] (DFFHQNx1_ASAP7_75t_R) has no static power. This might be because either the duty cycle and activity of all the connected nets
is 0 or the instance is connected to power off rails. If this is not the expected behaviour and static power is required, ensure that the instance is connected
to power on rails and that the duty cycle and activity of at least one net is not 0.

** WARN:  (VOLTUS_POWR-2152): Instance u_wt_sram_0/mem_reg[27][102] (DFFHQNx1_ASAP7_75t_R) has no static power. This might be because either the duty cycle and activity of all the connected nets
is 0 or the instance is connected to power off rails. If this is not the expected behaviour and static power is required, ensure that the instance is connected
to power on rails and that the duty cycle and activity of at least one net is not 0.

** WARN:  (VOLTUS_POWR-2152): Instance u_wt_sram_0/mem_reg[27][135] (DFFHQNx1_ASAP7_75t_R) has no static power. This might be because either the duty cycle and activity of all the connected nets
is 0 or the instance is connected to power off rails. If this is not the expected behaviour and static power is required, ensure that the instance is connected
to power on rails and that the duty cycle and activity of at least one net is not 0.

** WARN:  (VOLTUS_POWR-2152): Instance u_wt_sram_0/mem_reg[27][144] (DFFHQNx1_ASAP7_75t_R) has no static power. This might be because either the duty cycle and activity of all the connected nets
is 0 or the instance is connected to power off rails. If this is not the expected behaviour and static power is required, ensure that the instance is connected
to power on rails and that the duty cycle and activity of at least one net is not 0.

** WARN:  (VOLTUS_POWR-2152): Instance u_wt_sram_0/mem_reg[27][171] (DFFHQNx1_ASAP7_75t_R) has no static power. This might be because either the duty cycle and activity of all the connected nets
is 0 or the instance is connected to power off rails. If this is not the expected behaviour and static power is required, ensure that the instance is connected
to power on rails and that the duty cycle and activity of at least one net is not 0.

** WARN:  (VOLTUS_POWR-2152): Instance u_wt_sram_0/mem_reg[27][178] (DFFHQNx1_ASAP7_75t_R) has no static power. This might be because either the duty cycle and activity of all the connected nets
is 0 or the instance is connected to power off rails. If this is not the expected behaviour and static power is required, ensure that the instance is connected
to power on rails and that the duty cycle and activity of at least one net is not 0.

** WARN:  (VOLTUS_POWR-2152): Instance u_wt_sram_0/mem_reg[27][275] (DFFHQNx1_ASAP7_75t_R) has no static power. This might be because either the duty cycle and activity of all the connected nets
is 0 or the instance is connected to power off rails. If this is not the expected behaviour and static power is required, ensure that the instance is connected
to power on rails and that the duty cycle and activity of at least one net is not 0.

** WARN:  (VOLTUS_POWR-2152): Instance u_wt_sram_0/mem_reg[27][300] (DFFHQNx1_ASAP7_75t_R) has no static power. This might be because either the duty cycle and activity of all the connected nets
is 0 or the instance is connected to power off rails. If this is not the expected behaviour and static power is required, ensure that the instance is connected
to power on rails and that the duty cycle and activity of at least one net is not 0.

** WARN:  (VOLTUS_POWR-2152): Instance u_wt_sram_0/mem_reg[27][339] (DFFHQNx1_ASAP7_75t_R) has no static power. This might be because either the duty cycle and activity of all the connected nets
is 0 or the instance is connected to power off rails. If this is not the expected behaviour and static power is required, ensure that the instance is connected
to power on rails and that the duty cycle and activity of at least one net is not 0.

** WARN:  (VOLTUS_POWR-2152): Instance u_wt_sram_0/mem_reg[27][459] (DFFHQNx1_ASAP7_75t_R) has no static power. This might be because either the duty cycle and activity of all the connected nets
is 0 or the instance is connected to power off rails. If this is not the expected behaviour and static power is required, ensure that the instance is connected
to power on rails and that the duty cycle and activity of at least one net is not 0.

** WARN:  (VOLTUS_POWR-2152): Instance u_wt_sram_0/mem_reg[27][473] (DFFHQNx1_ASAP7_75t_R) has no static power. This might be because either the duty cycle and activity of all the connected nets
is 0 or the instance is connected to power off rails. If this is not the expected behaviour and static power is required, ensure that the instance is connected
to power on rails and that the duty cycle and activity of at least one net is not 0.

** WARN:  (VOLTUS_POWR-2152): Instance u_wt_sram_0/mem_reg[27][513] (DFFHQNx1_ASAP7_75t_R) has no static power. This might be because either the duty cycle and activity of all the connected nets
is 0 or the instance is connected to power off rails. If this is not the expected behaviour and static power is required, ensure that the instance is connected
to power on rails and that the duty cycle and activity of at least one net is not 0.

** WARN:  (VOLTUS_POWR-2152): Instance u_wt_sram_0/mem_reg[27][527] (DFFHQNx1_ASAP7_75t_R) has no static power. This might be because either the duty cycle and activity of all the connected nets
is 0 or the instance is connected to power off rails. If this is not the expected behaviour and static power is required, ensure that the instance is connected
to power on rails and that the duty cycle and activity of at least one net is not 0.

** WARN:  (VOLTUS_POWR-2152): Instance u_wt_sram_0/mem_reg[27][572] (DFFHQNx1_ASAP7_75t_R) has no static power. This might be because either the duty cycle and activity of all the connected nets
is 0 or the instance is connected to power off rails. If this is not the expected behaviour and static power is required, ensure that the instance is connected
to power on rails and that the duty cycle and activity of at least one net is not 0.

** WARN:  (VOLTUS_POWR-2152): Instance u_wt_sram_0/mem_reg[27][580] (DFFHQNx1_ASAP7_75t_R) has no static power. This might be because either the duty cycle and activity of all the connected nets
is 0 or the instance is connected to power off rails. If this is not the expected behaviour and static power is required, ensure that the instance is connected
to power on rails and that the duty cycle and activity of at least one net is not 0.

** WARN:  (VOLTUS_POWR-2152): Instance u_wt_sram_0/mem_reg[27][588] (DFFHQNx1_ASAP7_75t_R) has no static power. This might be because either the duty cycle and activity of all the connected nets
is 0 or the instance is connected to power off rails. If this is not the expected behaviour and static power is required, ensure that the instance is connected
to power on rails and that the duty cycle and activity of at least one net is not 0.

** WARN:  (VOLTUS_POWR-2152): Instance u_wt_sram_0/mem_reg[27][608] (DFFHQNx1_ASAP7_75t_R) has no static power. This might be because either the duty cycle and activity of all the connected nets
is 0 or the instance is connected to power off rails. If this is not the expected behaviour and static power is required, ensure that the instance is connected
to power on rails and that the duty cycle and activity of at least one net is not 0.

** WARN:  (EMS-27): Message (VOLTUS_POWR-2152) has exceeded the current message display limit of 20.
To increase the message display limit, refer to the product command reference manual.

*



Total Power
-----------------------------------------------------------------------------------------
Total Internal Power:        3.08454723 	    0.9630%
Total Switching Power:     317.01468342 	   98.9761%
Total Leakage Power:         0.19481054 	    0.0608%
Total Power:               320.29404120
-----------------------------------------------------------------------------------------


Group                           Internal   Switching     Leakage       Total  Percentage 
                                Power      Power         Power         Power  (%)        
-----------------------------------------------------------------------------------------
Sequential                             0           0           0           0           0
Macro                                  0       252.1           0       252.1       78.72
IO                                     0           0           0           0           0
Combinational                      3.085       64.89      0.1948       68.17       21.28
Clock (Combinational)                  0           0           0           0           0
Clock (Sequential)                     0           0           0           0           0
-----------------------------------------------------------------------------------------
Total                              3.085         317      0.1948       320.3         100
-----------------------------------------------------------------------------------------


Rail                  Voltage   Internal   Switching     Leakage       Total  Percentage 
                                Power      Power         Power         Power  (%)        
-----------------------------------------------------------------------------------------
Default                  0.63      3.085         317      0.1948       320.3         100
 
 
-----------------------------------------------------------------------------------------
*	Power Distribution Summary: 
*              Highest Average Power:        u_mac/hi_fo_buf544 (BUFx12f_ASAP7_75t_R):           0.1397
*              Highest Leakage Power: u_mac/g_acc[24].u_mac/u_add/g28131 (OR2x6_ASAP7_75t_R):        6.975e-06
*                Total Cap:      2.05254e-08 F
*                Total instances in design: 775391
*                Total instances in design with no power: 316418
*                Total instances in design with no activty:    37

*                Total Fillers and Decap: 316418
-----------------------------------------------------------------------------------------
 
** INFO:  (VOLTUS_POWR-3465): There are 0 decaps and 597111 fillers in the design

Ended Static Power Report Generation: (cpu=0:00:04, real=0:00:04,
mem(process/total/peak)=5645.16MB/7336.96MB/6748.26MB)

