============================================================
  Generated by:           Genus(TM) Synthesis Solution 23.10-p004_1
  Generated on:           May 16 2026  02:57:16 pm
  Module:                 sys_top
  Operating conditions:   PVT_0P7V_25C (balanced_tree)
  Wireload mode:          enclosed
  Area mode:              timing library
============================================================

Timing
--------

Clock Period 
-------------
clk   1650.0 


  Cost    Critical         Violating 
 Group   Path Slack  TNS     Paths   
-------------------------------------
clk             0.0   0.0          0 
default    No paths   0.0            
-------------------------------------
Total                 0.0          0 

Instance Count
--------------
Leaf Instance Count             1340077 
Physical Instance count               0 
Sequential Instance Count        170007 
Combinational Instance Count    1170070 
Hierarchical Instance Count        1483 

Area
----
Cell Area                          142699.359
Physical Cell Area                 0.000
Total Cell Area (Cell+Physical)    142699.359
Net Area                           0.000
Total Area (Cell+Physical+Net)     142699.359

Max Fanout                         170007 (clk)
Min Fanout                         0 (rb_sram_addr[8])
Average Fanout                     2.6
Terms to net ratio                 3.6429
Terms to instance ratio            3.6599
Runtime                            11571.056078000012 seconds
Elapsed Runtime                    10638 seconds
Genus peak memory usage            8626.47 
Innovus peak memory usage          no_value 
Hostname                           mo.ece.pdx.edu
