-Info: crossbar_tb.sv:38: $dumpvar ignored, as Verilated without --trace
===============================================================
   4x4 MAC Crossbar Testbench (clocked, synchronous reset)
   Weight Encoding: 0 = +1, 1 = -1
===============================================================

Test Case 1: Baseline
Inputs: [10, 20, 30, 40]
Expected Outputs: Col0: -40, Col1: 0, Col2: -20, Col3: -20
Actual Outputs  : Col0: -40, Col1: 0, Col2: -20, Col3: -20

Test Case 2: Negative Inputs / Extreme Values
Inputs: [-128, 127, -50, 0]
Expected Outputs: Col0: -51, Col1: 51, Col2: -49, Col3: 49  (Col2/3 overflow)
Actual Outputs  : Col0: -51, Col1: 51, Col2: -49, Col3: 49

Test Case 3: All Zeros
Inputs: [0, 0, 0, 0]
Expected Outputs: Col0: 0, Col1: 0, Col2: 0, Col3: 0
Actual Outputs  : Col0: 0, Col1: 0, Col2: 0, Col3: 0

Test Case 4: Synchronous reset clears outputs
Before reset — Actual Outputs: Col0: 20, Col1: 20, Col2: 20, Col3: 20
After  reset — Expected: 0,0,0,0  Actual: Col0: 0, Col1: 0, Col2: 0, Col3: 0

===============================================================
   Simulation Complete
===============================================================
- crossbar_tb.sv:163: Verilog $finish
